23-Aug-2026 22:08:30.323 INFO [main] org.apache.catalina.core.ApplicationContext.log No Spring WebApplicationInitializer types detected on classpath
23-Aug-2026 22:08:30.338 INFO [main] org.apache.catalina.core.ApplicationContext.log Initializing Spring root WebApplicationContext
23-Aug-2026 22:08:32.152 INFO [main] org.apache.catalina.core.ApplicationContext.log ContextListener: contextInitialized()
23-Aug-2026 22:08:32.152 INFO [main] org.apache.catalina.core.ApplicationContext.log SessionListener: contextInitialized()
23-Aug-2026 22:08:32.152 INFO [main] org.apache.catalina.core.ApplicationContext.log ContextListener: attributeAdded('StockTicker', 'async.Stockticker@6d4a05f7')
23-Aug-2026 22:08:52.424 INFO [Catalina-utility-1] org.apache.catalina.core.ApplicationContext.log Closing Spring root WebApplicationContext
23-Aug-2026 22:08:53.979 INFO [Catalina-utility-1] org.apache.catalina.core.ApplicationContext.log No Spring WebApplicationInitializer types detected on classpath
23-Aug-2026 22:08:53.989 INFO [Catalina-utility-1] org.apache.catalina.core.ApplicationContext.log Initializing Spring root WebApplicationContext
23-Aug-2026 22:14:55.173 INFO [Catalina-utility-2] org.apache.catalina.core.ApplicationContext.log Closing Spring root WebApplicationContext
23-Aug-2026 22:14:56.579 INFO [Catalina-utility-2] org.apache.catalina.core.ApplicationContext.log No Spring WebApplicationInitializer types detected on classpath
23-Aug-2026 22:14:56.589 INFO [Catalina-utility-2] org.apache.catalina.core.ApplicationContext.log Initializing Spring root WebApplicationContext
23-Aug-2026 22:20:57.999 INFO [Catalina-utility-1] org.apache.catalina.core.ApplicationContext.log Closing Spring root WebApplicationContext
23-Aug-2026 22:20:59.430 INFO [Catalina-utility-1] org.apache.catalina.core.ApplicationContext.log No Spring WebApplicationInitializer types detected on classpath
23-Aug-2026 22:20:59.434 INFO [Catalina-utility-1] org.apache.catalina.core.ApplicationContext.log Initializing Spring root WebApplicationContext
23-Aug-2026 22:25:00.678 INFO [Catalina-utility-2] org.apache.catalina.core.ApplicationContext.log Closing Spring root WebApplicationContext
23-Aug-2026 22:25:02.104 INFO [Catalina-utility-2] org.apache.catalina.core.ApplicationContext.log No Spring WebApplicationInitializer types detected on classpath
23-Aug-2026 22:25:02.114 INFO [Catalina-utility-2] org.apache.catalina.core.ApplicationContext.log Initializing Spring root WebApplicationContext
23-Aug-2026 22:27:02.864 INFO [Catalina-utility-1] org.apache.catalina.core.ApplicationContext.log Closing Spring root WebApplicationContext
23-Aug-2026 22:27:04.180 INFO [Catalina-utility-1] org.apache.catalina.core.ApplicationContext.log No Spring WebApplicationInitializer types detected on classpath
23-Aug-2026 22:27:04.187 INFO [Catalina-utility-1] org.apache.catalina.core.ApplicationContext.log Initializing Spring root WebApplicationContext
23-Aug-2026 22:39:19.889 INFO [main] org.apache.catalina.core.ApplicationContext.log SessionListener: contextDestroyed()
23-Aug-2026 22:39:19.889 INFO [main] org.apache.catalina.core.ApplicationContext.log ContextListener: contextDestroyed()
23-Aug-2026 22:39:19.897 INFO [main] org.apache.catalina.core.ApplicationContext.log Closing Spring root WebApplicationContext
